c:\users\rabbit0\source\repos\ponengine\cg2\cg2\x64\debug\camera.obj
c:\users\rabbit0\source\repos\ponengine\cg2\cg2\x64\debug\engine.obj
c:\users\rabbit0\source\repos\ponengine\cg2\cg2\x64\debug\scenemanager.obj
c:\users\rabbit0\source\repos\ponengine\cg2\cg2\x64\debug\imgui_demo.obj
c:\users\rabbit0\source\repos\ponengine\cg2\cg2\x64\debug\input.obj
c:\users\rabbit0\source\repos\ponengine\cg2\cg2\x64\debug\objectmanager.obj
c:\users\rabbit0\source\repos\ponengine\cg2\cg2\x64\debug\inputaction.obj
c:\users\rabbit0\source\repos\ponengine\cg2\cg2\x64\debug\audiosystem.obj
c:\users\rabbit0\source\repos\ponengine\cg2\cg2\x64\debug\resourcemanager.obj
c:\users\rabbit0\source\repos\ponengine\cg2\cg2\x64\debug\imgui_impl_dx12.obj
c:\users\rabbit0\source\repos\ponengine\cg2\cg2\x64\debug\material.obj
c:\users\rabbit0\source\repos\ponengine\cg2\cg2\x64\debug\texturemanager.obj
c:\users\rabbit0\source\repos\ponengine\cg2\cg2\x64\debug\imgui_tables.obj
c:\users\rabbit0\source\repos\ponengine\cg2\cg2\x64\debug\logsystem.obj
c:\users\rabbit0\source\repos\ponengine\cg2\cg2\x64\debug\debugcamera.obj
c:\users\rabbit0\source\repos\ponengine\cg2\cg2\x64\debug\pipelinemanager.obj
c:\users\rabbit0\source\repos\ponengine\cg2\cg2\x64\debug\transform.obj
c:\users\rabbit0\source\repos\ponengine\cg2\cg2\x64\debug\scenefactory.obj
c:\users\rabbit0\source\repos\ponengine\cg2\cg2\x64\debug\imgui.obj
c:\users\rabbit0\source\repos\ponengine\cg2\cg2\x64\debug\mesh.obj
c:\users\rabbit0\source\repos\ponengine\cg2\cg2\x64\debug\main.obj
c:\users\rabbit0\source\repos\ponengine\cg2\cg2\x64\debug\imguisystem.obj
c:\users\rabbit0\source\repos\ponengine\cg2\cg2\x64\debug\object3d.obj
c:\users\rabbit0\source\repos\ponengine\cg2\cg2\x64\debug\titlescene.obj
c:\users\rabbit0\source\repos\ponengine\cg2\cg2\x64\debug\imgui_widgets.obj
c:\users\rabbit0\source\repos\ponengine\cg2\cg2\x64\debug\winapp.obj
c:\users\rabbit0\source\repos\ponengine\cg2\cg2\x64\debug\spritemanager.obj
c:\users\rabbit0\source\repos\ponengine\cg2\cg2\x64\debug\imgui_impl_win32.obj
c:\users\rabbit0\source\repos\ponengine\cg2\cg2\x64\debug\graphicssystem.obj
c:\users\rabbit0\source\repos\ponengine\cg2\cg2\x64\debug\gamescene.obj
c:\users\rabbit0\source\repos\ponengine\cg2\cg2\x64\debug\directxcommon.obj
c:\users\rabbit0\source\repos\ponengine\cg2\cg2\x64\debug\sprite.obj
c:\users\rabbit0\source\repos\ponengine\cg2\cg2\x64\debug\imgui_draw.obj
c:\users\rabbit0\source\repos\ponengine\cg2\cg2\x64\debug\descriptorheapmanager.obj
c:\users\rabbit0\source\repos\ponengine\cg2\cg2\x64\debug\shadercompiler.obj
c:\users\rabbit0\source\repos\ponengine\cg2\cg2\x64\debug\renderer.obj
c:\users\rabbit0\source\repos\ponengine\cg2\cg2\x64\debug\vc145.pdb
c:\users\rabbit0\source\repos\ponengine\cg2\x64\debug\cg2.exe
c:\users\rabbit0\source\repos\ponengine\cg2\x64\debug\cg2.pdb
c:\users\rabbit0\source\repos\ponengine\cg2\cg2\x64\debug\cg2.ilk
c:\users\rabbit0\source\repos\ponengine\cg2\cg2\x64\debug\vc145.idb
c:\users\rabbit0\source\repos\ponengine\cg2\cg2\x64\debug\cg2.tlog\cl.12260.write.1.tlog
c:\users\rabbit0\source\repos\ponengine\cg2\cg2\x64\debug\cg2.tlog\cl.command.1.tlog
c:\users\rabbit0\source\repos\ponengine\cg2\cg2\x64\debug\cg2.tlog\cl.items.tlog
c:\users\rabbit0\source\repos\ponengine\cg2\cg2\x64\debug\cg2.tlog\cl.read.1.tlog
c:\users\rabbit0\source\repos\ponengine\cg2\cg2\x64\debug\cg2.tlog\link.command.1.tlog
c:\users\rabbit0\source\repos\ponengine\cg2\cg2\x64\debug\cg2.tlog\link.read.1.tlog
c:\users\rabbit0\source\repos\ponengine\cg2\cg2\x64\debug\cg2.tlog\link.secondary.1.tlog
c:\users\rabbit0\source\repos\ponengine\cg2\cg2\x64\debug\cg2.tlog\link.write.1.tlog
